[default_constructor]
[copy_constructor]
/
/a/
/a/b/
/a/b/c/
/a/b/c/1/
/a/b/c/1/a=foo
/a/b/c/1/b=bar
/a/b/c/2/
/a/b/c/2/a=how
/a/b/c/2/b=now
/a/b/c/3/
/a/b/c/3/a=brown
/a/b/c/3/b=cow
dir is not empty
dir2 is not empty
[move_constructor]
/
/a/
/a/b/
/a/b/c/
/a/b/c/1/
/a/b/c/1/a=foo
/a/b/c/1/b=bar
/a/b/c/2/
/a/b/c/2/a=how
/a/b/c/2/b=now
/a/b/c/3/
/a/b/c/3/a=brown
/a/b/c/3/b=cow
dir is empty
dir2 is not empty
dir.size() == 0
[range_constructor]
/
/a/
/a/b/
/a/b/c/
/a/b/c/1/
/a/b/c/1/a=foo
/a/b/c/1/b=bar
/a/b/c/2/
/a/b/c/2/a=how
/a/b/c/2/b=now
/a/b/c/3/
/a/b/c/3/a=brown
/a/b/c/3/b=cow
/
/a/
/a/b/
/a/b/c/
/a/b/c/1/
/a/b/c/1/a=foo
/a/b/c/1/b=bar
/a/b/c/2/
/a/b/c/2/a=how
/a/b/c/2/b=now
/a/b/c/3/
/a/b/c/3/a=brown
/a/b/c/3/b=cow
/
/1/
/1/a=foo
/1/b=bar
/
/
/a/
/
/a/
/a/b/
/
/a/
/a/b/
/a/b/c/
/
/a/
/a/b/
/a/b/c/
/a/b/c/1/
/
/a/
/a/b/
/a/b/c/
/a/b/c/1/
/a/b/c/1/a=foo
/
/a/
/a/b/
/a/b/c/
/a/b/c/1/
/a/b/c/1/a=foo
/a/b/c/1/b=bar
/
/a/
/a/b/
/a/b/c/
/a/b/c/1/
/a/b/c/1/a=foo
/a/b/c/1/b=bar
/a/b/c/2/
/
/a/
/a/b/
/a/b/c/
/a/b/c/1/
/a/b/c/1/a=foo
/a/b/c/1/b=bar
/a/b/c/2/
/a/b/c/2/a=how
/
/a/
/a/b/
/a/b/c/
/a/b/c/1/
/a/b/c/1/a=foo
/a/b/c/1/b=bar
/a/b/c/2/
/a/b/c/2/a=how
/a/b/c/2/b=now
/
/a/
/a/b/
/a/b/c/
/a/b/c/1/
/a/b/c/1/a=foo
/a/b/c/1/b=bar
/a/b/c/2/
/a/b/c/2/a=how
/a/b/c/2/b=now
/a/b/c/3/
/
/a/
/a/b/
/a/b/c/
/a/b/c/1/
/a/b/c/1/a=foo
/a/b/c/1/b=bar
/a/b/c/2/
/a/b/c/2/a=how
/a/b/c/2/b=now
/a/b/c/3/
/a/b/c/3/a=brown
/
/a/
/a/b/
/a/b/c/
/a/b/c/1/
/a/b/c/1/a=foo
/a/b/c/1/b=bar
/a/b/c/2/
/a/b/c/2/a=how
/a/b/c/2/b=now
/a/b/c/3/
/a/b/c/3/a=brown
/a/b/c/3/b=cow
[reverse_iteration]
 5 b=cow
 5 a=brown
 4 3
 5 b=now
 5 a=how
 4 2
 5 b=bar
 5 a=foo
 4 1
 3 c
 2 b
 1 a
 0 
[reverse_insert]
/
/
/a/
/a/a/
/a/a/a/
/a/a/a/a=foo
/a/a/a/a/b=bar
/a/a/a/b/
/a/a/b/
/a/b/
[copy_assignment]
/
/a/
/a/b/
/a/b/c/
/a/b/c/1/
/a/b/c/1/a=foo
/a/b/c/1/b=bar
/a/b/c/2/
/a/b/c/2/a=how
/a/b/c/2/b=now
/a/b/c/3/
/a/b/c/3/a=brown
/a/b/c/3/b=cow
[move_assignment]
/
/a/
/a/b/
/a/b/c/
/a/b/c/1/
/a/b/c/1/a=foo
/a/b/c/1/b=bar
/a/b/c/2/
/a/b/c/2/a=how
/a/b/c/2/b=now
/a/b/c/3/
/a/b/c/3/a=brown
/a/b/c/3/b=cow
[swap]
[reverse_comparator]
/
/a/
/a/b/
/a/b/c/
/a/b/c/3/
/a/b/c/3/b=cow
/a/b/c/3/a=brown
/a/b/c/2/
/a/b/c/2/b=now
/a/b/c/2/a=how
/a/b/c/1/
/a/b/c/1/b=bar
/a/b/c/1/a=foo
[int_keys]
/
/1/
/1/2/
/1/2/3/
/1/2/3/4/
/1/2/3/4/5=foo
/1/2/3/4/6=bar
/1/2/3/16/
/1/2/3/16/38=how
/1/2/3/16/44=now
/1/2/3/81/
/1/2/3/81/27=brown
/1/2/3/81/29=cow
[equals]
[relational]
[alternate_allocator]
/
/a/
/a/b/
/a/b/c/
/a/b/c/1/
/a/b/c/1/a=foo
/a/b/c/1/b=bar
/a/b/c/2/
/a/b/c/2/a=how
/a/b/c/2/b=now
/a/b/c/3/
/a/b/c/3/a=brown
/a/b/c/3/b=cow
